
> colombia-departments-puzzle@1.0.0 test
> vitest --coverage --run


[7m[1m[36m RUN [39m[22m[27m [36mv1.6.1[39m [90mC:/Users/brand/Development/Project_Workspace/active-development/colombia_puzzle_game[39m
[2m      Coverage enabled with [22m[33mv8[39m

 [32m✓[39m src/tests/utils/nameNormalizer.test.ts [2m ([22m[2m13 tests[22m[2m)[22m[90m 11[2mms[22m[39m
 [32m✓[39m src/tests/colorConsistency.test.ts [2m ([22m[2m4 tests[22m[2m)[22m[90m 7[2mms[22m[39m
 [32m✓[39m src/tests/utils/cn.test.ts [2m ([22m[2m12 tests[22m[2m)[22m[90m 5[2mms[22m[39m
 [33m❯[39m src/tests/services/storage.test.ts [2m ([22m[2m17 tests[22m [2m|[22m [31m2 failed[39m[2m)[22m[90m 42[2mms[22m[39m
[31m   [33m❯[31m src/tests/services/storage.test.ts[2m > [22mStorageService[2m > [22mUser Profiles[2m > [22mshould handle multiple profiles[39m
[31m     → expected [ { …(4) } ] to have a length of 3 but got 1[39m
[31m   [33m❯[31m src/tests/services/storage.test.ts[2m > [22mStorageService[2m > [22mGame Sessions[2m > [22mshould filter sessions by profile ID[39m
[31m     → expected [ { …(6) }, { …(6) } ] to have a length of 1 but got 2[39m

[2m Test Files [22m [1m[31m1 failed[39m[22m[2m | [22m[1m[32m3 passed[39m[22m[90m (4)[39m
[2m      Tests [22m [1m[31m2 failed[39m[22m[2m | [22m[1m[32m44 passed[39m[22m[90m (46)[39m
[2m   Start at [22m 03:59:02
[2m   Duration [22m 2.06s[2m (transform 186ms, setup 1.16s, collect 121ms, tests 65ms, environment 3.50s, prepare 1.20s)[22m

